[backblue.gif]
[fade.gif]
[index.html]
[send.now/static/img/logo.png]
[send.now/docs/api/index.html]
[send.now/static/css/stackoverflow-light.min.css]
[send.now/static/js/highlight.min.js]
[send.now/static/js/jquery.min.js]
[send.now/lib/@fortawesome/fontawesome-free/css/fa.min.css]
[send.now/static/css/docs.css]
[send.now/static/css/subdocs.css]
[send.now/docs/api/account-info.html]
[send.now/docs/api/account-stats.html]
[send.now/docs/api/dmca.html]
[send.now/docs/api/trash.html]
[send.now/docs/api/upload-server.html]
[send.now/docs/api/upload-server-unregistered.html]
[send.now/docs/api/upload-remote.html]
[send.now/docs/api/upload-remote-unregistered.html]
[send.now/docs/api/file-list.html]
[send.now/docs/api/file-info.html]
[send.now/docs/api/file-rename.html]
[send.now/docs/api/file-copy.html]
[send.now/docs/api/file-move.html]
[send.now/docs/api/file-delete.html]
[send.now/docs/api/file-password.html]
[send.now/docs/api/file-remove-password.html]
[send.now/docs/api/file-public.html]
[send.now/docs/api/file-private.html]
[send.now/docs/api/file-direct-link.html]
[send.now/docs/api/folder-list.html]
[send.now/docs/api/folder-create.html]
[send.now/docs/api/folder-rename.html]
[send.now/docs/api/folder-move.html]
[send.now/docs/api/folder-copy.html]
[send.now/docs/api/folder-delete.html]
[send.now/docs/api/folder-password.html]
[send.now/docs/api/folder-remove-password.html]
[send.now/lib/bootstrap/js/bootstrap.bundle.min.js]
[send.now/lib/feather-icons/feather.min.js]
[send.now/assets/js/dashforge.js]
[send.now/lib/perfect-scrollbar/perfect-scrollbar.min.js]
[send.now/cdn-cgi/scripts/7d0fa10a/cloudflare-static/rocket-loader.min.js]
[send.now/cdn-cgi/challenge-platform/h/b/scripts/jsd/d76008a69eab/maind41d.js]
[send.now/static/css/Inter-UI.var.woff2.html]
[send.now/cdn-cgi/scripts/5c5dd728/cloudflare-static/email-decode.min.js]
